    run 1/11: 1463.6 ops/sec
    run 2/11: 1504.5 ops/sec
    run 3/11: 1480.1 ops/sec
    run 4/11: 1572.6 ops/sec
    run 5/11: 1529.8 ops/sec
    run 6/11: 1422.6 ops/sec
    run 7/11: 1502.9 ops/sec
    run 8/11: 1377.1 ops/sec
    run 9/11: 1476.6 ops/sec
    run 10/11: 1505.6 ops/sec
    run 11/11: 1464.5 ops/sec
  httplib / application/json / write: nodes=3 groups=4 value=128B in_flight=4 tick=2ms
      tier:     Tier E (one host per machine or container) — a like-for-like comparison with an external number is permitted at this tier (Requirement 3.3)
      routing:  submit_command(key, ...), leader resolved by key
      headline: 1480.1 ops/sec (median of 11 runs) | min 1377.1 max 1572.6 | spread 7.0% of median (p50 spread 13.9%)
      verdict:  stable (judged on the throughput spread)
      median run: p50=2317.2us p95=4551.3us p99=n/a (400 samples)
      counts:   50 warm-up operations discarded per run, 400 offered per measured run (Requirement 6.1)
      replication: NOT MEASURED at this tier — the host process is deliberately uninstrumented (Requirement 8.2 keeps measurement counters out of the measured process), so these columns are absent rather than zero
      placement: cluster; region us-east-1; hosts 1=us-east-1a 2=us-east-1a 3=us-east-1a | driver c6i.2xlarge in us-east-1a; placement group kythira-perf-local-1790081145-1707844 (cluster); inter-node RTT 125.0 us vs loopback 45.0 us (container-shaped)
      elections: 0 of 11 measured windows contained one. Reported, never asserted — a window that contained an election is not a window measuring a workload, and a row that cannot say whether it did cannot be read at all.
      artifacts: /tmp/results/multi_raft_bench_20260922_124757.{csv,json}
