run-tier-c-row.sh: 3 host processes started; logs under /tmp/kythira-tier-c-wKSSCB
  network probe from node 1: {"node_id":1,"peers":[{"peer":2,"rtt_samples":11,"rtt_median_us":262.906,"probe_bytes":1048576,"bandwidth_mib_per_sec":616.296},{"peer":3,"rtt_samples":11,"rtt_median_us":321.383,"probe_bytes":1048576,"bandwidth_mib_per_sec":555.743}]}
  network probe from node 2: {"node_id":2,"peers":[{"peer":1,"rtt_samples":11,"rtt_median_us":270.928,"probe_bytes":1048576,"bandwidth_mib_per_sec":638.333},{"peer":3,"rtt_samples":11,"rtt_median_us":304.631,"probe_bytes":1048576,"bandwidth_mib_per_sec":998.786}]}
  network probe from node 3: {"node_id":3,"peers":[{"peer":1,"rtt_samples":11,"rtt_median_us":470.989,"probe_bytes":1048576,"bandwidth_mib_per_sec":580.178},{"peer":2,"rtt_samples":11,"rtt_median_us":418.4,"probe_bytes":1048576,"bandwidth_mib_per_sec":896.563}]}
    run 1/11: 1632.3 ops/sec
    run 2/11: 1655.8 ops/sec
    run 3/11: 1648.7 ops/sec
    run 4/11: 1644.2 ops/sec
    run 5/11: 1679.0 ops/sec
    run 6/11: 1627.8 ops/sec
    run 7/11: 1606.0 ops/sec
    run 8/11: 1637.9 ops/sec
    run 9/11: 1623.9 ops/sec
    run 10/11: 1635.2 ops/sec
    run 11/11: 1677.0 ops/sec
  httplib / application/json / write: nodes=3 groups=4 value=128B in_flight=4 tick=2ms
      tier:     Tier C (one host process per node, one machine, driver in its own process) — a like-for-like comparison with an external number is permitted at this tier (Requirement 3.3)
      routing:  submit_command(key, ...), leader resolved by key
      headline: 1637.9 ops/sec (median of 11 runs) | min 1606.0 max 1679.0 | spread 2.5% of median (p50 spread 3.4%)
      verdict:  stable (judged on the throughput spread); machine was not quiet at start
      median run: p50=2240.0us p95=3855.1us p99=n/a (400 samples)
      counts:   50 warm-up operations discarded per run, 400 offered per measured run (Requirement 6.1)
      replication: NOT MEASURED at this tier — the host process is deliberately uninstrumented (Requirement 8.2 keeps measurement counters out of the measured process), so these columns are absent rather than zero
      placement: all host processes and the driver on ip-172-31-0-144, loopback
      elections: 0 of 11 measured windows contained one. Reported, never asserted — a window that contained an election is not a window measuring a workload, and a row that cannot say whether it did cannot be read at all.
      artifacts: /tmp/tierc/multi_raft_bench_20260922_124819.{csv,json}
