    run 1/11: 1036.0 ops/sec
    run 2/11: 1022.2 ops/sec
    run 3/11: 1002.4 ops/sec
    run 4/11: 1031.1 ops/sec
    run 5/11: 1087.5 ops/sec
    run 6/11: 1105.7 ops/sec
    run 7/11: 1098.0 ops/sec
    run 8/11: 1048.4 ops/sec
    run 9/11: 1051.5 ops/sec
    run 10/11: 977.5 ops/sec
    run 11/11: 1037.9 ops/sec
  httplib / application/json / write: nodes=3 groups=4 value=128B in_flight=4 tick=2ms
      tier:     Tier E (one host per machine or container) — a like-for-like comparison with an external number is permitted at this tier (Requirement 3.3)
      routing:  submit_command(key, ...), leader resolved by key
      headline: 1037.9 ops/sec (median of 11 runs) | min 977.5 max 1105.7 | spread 6.5% of median (p50 spread 6.6%)
      verdict:  stable (judged on the throughput spread)
      median run: p50=3656.2us p95=6063.7us p99=n/a (400 samples)
      counts:   50 warm-up operations discarded per run, 400 offered per measured run (Requirement 6.1)
      replication: NOT MEASURED at this tier — the host process is deliberately uninstrumented (Requirement 8.2 keeps measurement counters out of the measured process), so these columns are absent rather than zero
      placement: single-az; region us-east-1; hosts 1=us-east-1a 2=us-east-1a 3=us-east-1a | driver c5.2xlarge in us-east-1a; inter-node RTT 171.0 us vs loopback 54.0 us (container-shaped)
      elections: 0 of 11 measured windows contained one. Reported, never asserted — a window that contained an election is not a window measuring a workload, and a row that cannot say whether it did cannot be read at all.
      artifacts: /tmp/results/multi_raft_bench_20260901_124006.{csv,json}
