run-tier-c-row.sh: 3 host processes started; logs under /tmp/kythira-tier-c-0iRWwy
  network probe from node 1: {"node_id":1,"peers":[{"peer":2,"rtt_samples":11,"rtt_median_us":658.316,"probe_bytes":1048576,"bandwidth_mib_per_sec":433.331},{"peer":3,"rtt_samples":11,"rtt_median_us":434.232,"probe_bytes":1048576,"bandwidth_mib_per_sec":485.819}]}
  network probe from node 2: {"node_id":2,"peers":[{"peer":1,"rtt_samples":11,"rtt_median_us":460.903,"probe_bytes":1048576,"bandwidth_mib_per_sec":460.956},{"peer":3,"rtt_samples":11,"rtt_median_us":444.842,"probe_bytes":1048576,"bandwidth_mib_per_sec":641.05}]}
  network probe from node 3: {"node_id":3,"peers":[{"peer":1,"rtt_samples":11,"rtt_median_us":456.758,"probe_bytes":1048576,"bandwidth_mib_per_sec":413.838},{"peer":2,"rtt_samples":11,"rtt_median_us":531.671,"probe_bytes":1048576,"bandwidth_mib_per_sec":668.441}]}
    run 1/11: 1188.4 ops/sec
    run 2/11: 1180.2 ops/sec
    run 3/11: 1175.4 ops/sec
    run 4/11: 1168.1 ops/sec
    run 5/11: 1175.4 ops/sec
    run 6/11: 1138.3 ops/sec
    run 7/11: 1171.8 ops/sec
    run 8/11: 1144.5 ops/sec
    run 9/11: 1192.6 ops/sec
    run 10/11: 1186.8 ops/sec
    run 11/11: 1156.1 ops/sec
  httplib / application/json / write: nodes=3 groups=4 value=128B in_flight=4 tick=2ms
      tier:     Tier C (one host process per node, one machine, driver in its own process) — a like-for-like comparison with an external number is permitted at this tier (Requirement 3.3)
      routing:  submit_command(key, ...), leader resolved by key
      headline: 1175.4 ops/sec (median of 11 runs) | min 1138.3 max 1192.6 | spread 3.2% of median (p50 spread 4.1%)
      verdict:  stable (judged on the throughput spread)
      median run: p50=3142.6us p95=5487.3us p99=n/a (400 samples)
      counts:   50 warm-up operations discarded per run, 400 offered per measured run (Requirement 6.1)
      replication: NOT MEASURED at this tier — the host process is deliberately uninstrumented (Requirement 8.2 keeps measurement counters out of the measured process), so these columns are absent rather than zero
      placement: all host processes and the driver on ip-172-31-13-80, loopback
      elections: 0 of 11 measured windows contained one. Reported, never asserted — a window that contained an election is not a window measuring a workload, and a row that cannot say whether it did cannot be read at all.
      artifacts: /tmp/tierc/multi_raft_bench_20260901_124033.{csv,json}
