    run 1/11: 1759.9 ops/sec
    run 2/11: 1737.3 ops/sec
    run 3/11: 1811.9 ops/sec
    run 4/11: 1815.2 ops/sec
    run 5/11: 1835.0 ops/sec
    run 6/11: 1824.1 ops/sec
    run 7/11: 1828.1 ops/sec
    run 8/11: 1827.4 ops/sec
    run 9/11: 1849.6 ops/sec
    run 10/11: 1679.2 ops/sec
    run 11/11: 1744.0 ops/sec
  httplib / application/json / write: nodes=3 groups=4 value=128B in_flight=4 tick=2ms
      tier:     Tier E (one host per machine or container) — a like-for-like comparison with an external number is permitted at this tier (Requirement 3.3)
      routing:  submit_command(key, ...), leader resolved by key
      headline: 1815.2 ops/sec (median of 11 runs) | min 1679.2 max 1849.6 | spread 7.5% of median (p50 spread 10.7%)
      verdict:  stable (judged on the throughput spread)
      median run: p50=1977.3us p95=3421.0us p99=n/a (400 samples)
      counts:   50 warm-up operations discarded per run, 400 offered per measured run (Requirement 6.1)
      replication: NOT MEASURED at this tier — the host process is deliberately uninstrumented (Requirement 8.2 keeps measurement counters out of the measured process), so these columns are absent rather than zero
      placement: cluster; region us-east-1; hosts 1=us-east-1a 2=us-east-1a 3=us-east-1a | driver c6i.2xlarge in us-east-1a; placement group kythira-perf-local-1790080929-1706843 (cluster); inter-node RTT 101.0 us vs loopback 42.0 us (container-shaped)
      elections: 0 of 11 measured windows contained one. Reported, never asserted — a window that contained an election is not a window measuring a workload, and a row that cannot say whether it did cannot be read at all.
      artifacts: /tmp/results/multi_raft_bench_20260922_124431.{csv,json}
