run-tier-c-row.sh: 3 host processes started; logs under /tmp/kythira-tier-c-XliYrP
  network probe from node 1: {"node_id":1,"peers":[{"peer":2,"rtt_samples":11,"rtt_median_us":268.569,"probe_bytes":1048576,"bandwidth_mib_per_sec":594.742},{"peer":3,"rtt_samples":11,"rtt_median_us":300.352,"probe_bytes":1048576,"bandwidth_mib_per_sec":642.039}]}
  network probe from node 2: {"node_id":2,"peers":[{"peer":1,"rtt_samples":11,"rtt_median_us":273.211,"probe_bytes":1048576,"bandwidth_mib_per_sec":574.364},{"peer":3,"rtt_samples":11,"rtt_median_us":274.871,"probe_bytes":1048576,"bandwidth_mib_per_sec":841.703}]}
  network probe from node 3: {"node_id":3,"peers":[{"peer":1,"rtt_samples":11,"rtt_median_us":263.942,"probe_bytes":1048576,"bandwidth_mib_per_sec":636.232},{"peer":2,"rtt_samples":11,"rtt_median_us":253.988,"probe_bytes":1048576,"bandwidth_mib_per_sec":956.124}]}
    run 1/11: 1596.7 ops/sec
    run 2/11: 1622.1 ops/sec
    run 3/11: 1647.0 ops/sec
    run 4/11: 1656.7 ops/sec
    run 5/11: 1629.2 ops/sec
    run 6/11: 1666.8 ops/sec
    run 7/11: 1634.6 ops/sec
    run 8/11: 1648.6 ops/sec
    run 9/11: 1650.8 ops/sec
    run 10/11: 1658.6 ops/sec
    run 11/11: 1597.0 ops/sec
  httplib / application/json / write: nodes=3 groups=4 value=128B in_flight=4 tick=2ms
      tier:     Tier C (one host process per node, one machine, driver in its own process) — a like-for-like comparison with an external number is permitted at this tier (Requirement 3.3)
      routing:  submit_command(key, ...), leader resolved by key
      headline: 1647.0 ops/sec (median of 11 runs) | min 1596.7 max 1666.8 | spread 3.1% of median (p50 spread 3.4%)
      verdict:  stable (judged on the throughput spread); machine was not quiet at start
      median run: p50=2191.4us p95=3743.1us p99=n/a (400 samples)
      counts:   50 warm-up operations discarded per run, 400 offered per measured run (Requirement 6.1)
      replication: NOT MEASURED at this tier — the host process is deliberately uninstrumented (Requirement 8.2 keeps measurement counters out of the measured process), so these columns are absent rather than zero
      placement: all host processes and the driver on ip-172-31-2-139, loopback
      elections: 0 of 11 measured windows contained one. Reported, never asserted — a window that contained an election is not a window measuring a workload, and a row that cannot say whether it did cannot be read at all.
      artifacts: /tmp/tierc/multi_raft_bench_20260922_124453.{csv,json}
