run-tier-c-row.sh: 3 host processes started; logs under /tmp/kythira-tier-c-CHEjWS
  network probe from node 1: {"node_id":1,"peers":[{"peer":2,"rtt_samples":11,"rtt_median_us":246.416,"probe_bytes":1048576,"bandwidth_mib_per_sec":635.82},{"peer":3,"rtt_samples":11,"rtt_median_us":256.726,"probe_bytes":1048576,"bandwidth_mib_per_sec":576.76}]}
  network probe from node 2: {"node_id":2,"peers":[{"peer":1,"rtt_samples":11,"rtt_median_us":270.202,"probe_bytes":1048576,"bandwidth_mib_per_sec":640.767},{"peer":3,"rtt_samples":11,"rtt_median_us":256.007,"probe_bytes":1048576,"bandwidth_mib_per_sec":1101.56}]}
  network probe from node 3: {"node_id":3,"peers":[{"peer":1,"rtt_samples":11,"rtt_median_us":259.043,"probe_bytes":1048576,"bandwidth_mib_per_sec":644.903},{"peer":2,"rtt_samples":11,"rtt_median_us":264.123,"probe_bytes":1048576,"bandwidth_mib_per_sec":933.952}]}
    run 1/11: 1279.4 ops/sec
    run 2/11: 1273.4 ops/sec
    run 3/11: 1295.0 ops/sec
    run 4/11: 1301.9 ops/sec
    run 5/11: 1239.4 ops/sec
    run 6/11: 1306.3 ops/sec
    run 7/11: 1298.2 ops/sec
    run 8/11: 1317.7 ops/sec
    run 9/11: 1313.3 ops/sec
    run 10/11: 1265.4 ops/sec
    run 11/11: 1268.0 ops/sec
  httplib / application/json / write: nodes=3 groups=4 value=128B in_flight=4 tick=2ms
      tier:     Tier C (one host process per node, one machine, driver in its own process) — a like-for-like comparison with an external number is permitted at this tier (Requirement 3.3)
      routing:  submit_command(key, ...), leader resolved by key
      headline: 1295.0 ops/sec (median of 11 runs) | min 1239.4 max 1317.7 | spread 4.3% of median (p50 spread 4.7%)
      verdict:  stable (judged on the throughput spread)
      median run: p50=2893.8us p95=4976.8us p99=n/a (400 samples)
      counts:   50 warm-up operations discarded per run, 400 offered per measured run (Requirement 6.1)
      replication: NOT MEASURED at this tier — the host process is deliberately uninstrumented (Requirement 8.2 keeps measurement counters out of the measured process), so these columns are absent rather than zero
      placement: all host processes and the driver on ip-172-31-1-179, loopback
      elections: 0 of 11 measured windows contained one. Reported, never asserted — a window that contained an election is not a window measuring a workload, and a row that cannot say whether it did cannot be read at all.
      artifacts: /tmp/tierc/multi_raft_bench_20260922_125158.{csv,json}
