    run 1/11: 569.3 ops/sec
    run 2/11: 537.3 ops/sec
    run 3/11: 596.9 ops/sec
    run 4/11: 580.3 ops/sec
    run 5/11: 569.8 ops/sec
    run 6/11: 573.0 ops/sec
    run 7/11: 607.9 ops/sec
    run 8/11: 562.7 ops/sec
    run 9/11: 595.6 ops/sec
    run 10/11: 624.5 ops/sec
    run 11/11: 559.6 ops/sec
  httplib / application/json / write: nodes=3 groups=4 value=128B in_flight=4 tick=2ms
      tier:     Tier E (one host per machine or container) — a like-for-like comparison with an external number is permitted at this tier (Requirement 3.3)
      routing:  submit_command(key, ...), leader resolved by key
      headline: 573.0 ops/sec (median of 11 runs) | min 537.3 max 624.5 | spread 9.0% of median (p50 spread 5.9%)
      verdict:  stable (judged on the throughput spread)
      median run: p50=7505.1us p95=8972.7us p99=n/a (400 samples)
      counts:   50 warm-up operations discarded per run, 400 offered per measured run (Requirement 6.1)
      replication: NOT MEASURED at this tier — the host process is deliberately uninstrumented (Requirement 8.2 keeps measurement counters out of the measured process), so these columns are absent rather than zero
      placement: single-az; region us-east-1; hosts 1=us-east-1a 2=us-east-1a 3=us-east-1a | driver c5.2xlarge in us-east-1a; inter-node RTT 137.0 us vs loopback 56.0 us (container-shaped)
      elections: 0 of 11 measured windows contained one. Reported, never asserted — a window that contained an election is not a window measuring a workload, and a row that cannot say whether it did cannot be read at all.
      artifacts: /tmp/results/multi_raft_bench_20260903_140604.{csv,json}
